

An error occurred inside PHPUnit.

Message:  Class "Tests\TestCase" not found
Location: C:\web\genycom\backend\tests\Feature\BusinessWorkflowTest.php:21

#0 C:\web\genycom\backend\vendor\phpunit\phpunit\src\Runner\TestSuiteLoader.php(116): require_once()
#1 C:\web\genycom\backend\vendor\phpunit\phpunit\src\Runner\TestSuiteLoader.php(49): PHPUnit\Runner\TestSuiteLoader->loadSuiteClassFile('C:\\web\\genycom\\...')
#2 C:\web\genycom\backend\vendor\phpunit\phpunit\src\TextUI\Configuration\TestSuiteBuilder.php(113): PHPUnit\Runner\TestSuiteLoader->load('C:\\web\\genycom\\...')
#3 C:\web\genycom\backend\vendor\phpunit\phpunit\src\TextUI\Configuration\TestSuiteBuilder.php(58): PHPUnit\TextUI\Configuration\TestSuiteBuilder->testSuiteFromPath('C:\\web\\genycom\\...', Array)
#4 C:\web\genycom\backend\vendor\phpunit\phpunit\src\TextUI\Application.php(412): PHPUnit\TextUI\Configuration\TestSuiteBuilder->build(Object(PHPUnit\TextUI\Configuration\Configuration))
#5 C:\web\genycom\backend\vendor\phpunit\phpunit\src\TextUI\Application.php(182): PHPUnit\TextUI\Application->buildTestSuite(Object(PHPUnit\TextUI\Configuration\Configuration))
#6 C:\web\genycom\backend\vendor\phpunit\phpunit\phpunit(104): PHPUnit\TextUI\Application->run(Array)
#7 C:\web\genycom\backend\vendor\bin\phpunit(122): include('C:\\web\\genycom\\...')
#8 {main}
